smem_size is 229504
num_threads is 256
TiledMMA
  ThrLayoutVMNK:  (_128,_2,_1,_1):(_1,_128,_0,_0)
  PermutationMNK: (_,_,_)
MMA_Atom
  ThrID:      _128:_1
  Shape_MNK:  (_64,_192,_16)
  LayoutA_TV: ((_4,_8,_4),(_2,_2,_2)):((_128,_1,_16),(_64,_8,_512))
  LayoutB_TV: (_128,(_192,_16)):(_0,(_1,_192))
  LayoutC_TV: ((_4,_8,_4),(_2,_2,_24)):((_128,_1,_16),(_64,_8,_512))
mA: ArithTuple(_0,_0) o (256,256):(_1@1,_1@0)
mB: ArithTuple(_0,_0) o (192,256):(_1@1,_1@0)
gA: ArithTuple(_0,0) o (_256,_128,2):(_1@1,_1@0,_128@0)
gB: ArithTuple(_0,0) o (_192,_128,2):(_1@1,_1@0,_128@0)
tAgA: ArithTuple(_0,0) o (((_64,_256),_2),2):(((_1@0,_1@1),_64@0),_128@0)
tAsA: Sw<3,4,3>_smem_ptr[16b](0x7f6d00000400) o ((_16384,_2),(_1,_2)):((_1,_16384),(_0,_32768))
tBgB: ArithTuple(_0,0) o (((_64,_192),_2),2):(((_1@0,_1@1),_64@0),_128@0)
tBsB: Sw<3,4,3>_smem_ptr[16b](0x7f6d00020400) o ((_12288,_2),(_1,_2)):((_1,_12288),(_0,_24576))
kTmaTransactionBytes is 114688
tCsA: Sw<3,4,3>_smem_ptr[16b](0x7f6d00000400) o ((_2,_2,_2),_2,(_4,_2),(_1,_2)):((_1,_512,_8),_8192,(_16,_16384),(_0,_32768))
tCsB: Sw<3,4,3>_smem_ptr[16b](0x7f6d00020400) o ((_192,_16),_1,(_4,_2),(_1,_2)):((_64,_1),_0,(_16,_12288),(_0,_24576))
tCrC: ptr[32b](0x7f6ca9fff8d0) o ((_2,_2,_24),_2,_1):((_1,_2,_4),_96,_0)
tCrA: ptr[16b](0x7f6ca9fffbd0) o ((_2,_2,_2),_2,(_4,_2)):((_1,_2,_4),_32,(_8,_64))
tCrB: GMMA::DescriptorIterator o (_1,_1,(_4,_2),(_1,_2)):(_0,_0,(_2,_1536),(_0,_3072))
tCrA_copy_view: ptr[16b](0x7f6ca9fffbd0) o ((_8,_1),_2,(_4,_2)):((_1,_0),_32,(_8,_64))
tCsA_copy_view: Sw<3,4,3>_smem_ptr[16b](0x7f6d00000400) o ((_8,_1),_2,(_4,_2),(_1,_2)):((_1,_0),_8192,(_16,_16384),(_0,_32768))
